// Jest Snapshot v1, https://goo.gl/fbAQLP

exports[`should render AddExpensePage component correctly 1`] = `
<div>
  This is from my add expense page
  <ExpenseForm
    onSubmit={[Function]}
  />
</div>
`;
