// Jest Snapshot v1, https://goo.gl/fbAQLP

exports[`should render NotFoundPage component 1`] = `
<div>
  404 - 
  <[object Object]
    to="/"
  >
    To home
  </[object Object]>
</div>
`;
